/home/zhanglx/miniconda3/envs/ll_env/lib/python3.10/site-packages/numpy/lib/_function_base_impl.py:3045: RuntimeWarning:

invalid value encountered in divide

/home/zhanglx/miniconda3/envs/ll_env/lib/python3.10/site-packages/numpy/lib/_function_base_impl.py:3046: RuntimeWarning:

invalid value encountered in divide

/home/zhanglx/miniconda3/envs/ll_env/lib/python3.10/site-packages/numpy/lib/_function_base_impl.py:3045: RuntimeWarning:

invalid value encountered in divide

/home/zhanglx/miniconda3/envs/ll_env/lib/python3.10/site-packages/numpy/lib/_function_base_impl.py:3046: RuntimeWarning:

invalid value encountered in divide

/home/zhanglx/miniconda3/envs/ll_env/lib/python3.10/site-packages/numpy/lib/_function_base_impl.py:3045: RuntimeWarning:

invalid value encountered in divide

-----------------------------------------------------------------
All Card Summary:
HW Summary for NVIDIA GeForce RTX 4090 [Contains 10 Apps]:
----------------------------------------------------------------


Plotting NVIDIA GeForce RTX 4090 : [GPC Cycles]
RTX4090-SASS (10 apps, 193 kernels (9 < 1% Err, 39 under, 145 over)) [Correl=0.9866 Err=7.91%] :: 0 high error points dropped from Err calc. 0 dropped for HW too low (>0)
Per-App :: RTX4090-SASS (10 apps (0 < 1% Err, 5 under, 5 over, 8 < 10% Err)) [Correl=0.9996 Err=7.21% Agg_Err=6.41% RPD=7.42%,NMSE=0.12]

Plotting NVIDIA GeForce RTX 4090 : [Warp Instructions]
RTX4090-SASS (10 apps, 193 kernels (193 < 1% Err, 0 under, 0 over)) [Correl=1.0 Err=0.02%] :: 0 high error points dropped from Err calc. 0 dropped for HW too low (>0)
Per-App :: RTX4090-SASS (10 apps (10 < 1% Err, 3 under, 0 over, 10 < 10% Err)) [Correl=1.0 Err=0.10% Agg_Err=0.13% RPD=0.10%,NMSE=0.00]

Plotting NVIDIA GeForce RTX 4090 : [L2 Read Hits]
RTX4090-SASS (10 apps, 193 kernels (24 < 1% Err, 5 under, 164 over)) [Correl=0.1458 Err=13143.13%] :: 0 high error points dropped from Err calc. 0 dropped for HW too low (>0)
Per-App :: RTX4090-SASS (10 apps (0 < 1% Err, 1 under, 9 over, 1 < 10% Err)) [Correl=-0.09684 Err=6327900002286.98% Agg_Err=1119.33% RPD=115.00%,NMSE=28.80]

Plotting NVIDIA GeForce RTX 4090 : [L2 Reads]
RTX4090-SASS (10 apps, 193 kernels (187 < 1% Err, 2 under, 4 over)) [Correl=0.9991 Err=0.20%] :: 0 high error points dropped from Err calc. 0 dropped for HW too low (>0)
Per-App :: RTX4090-SASS (10 apps (8 < 1% Err, 1 under, 1 over, 10 < 10% Err)) [Correl=0.9999 Err=0.98% Agg_Err=0.91% RPD=0.96%,NMSE=0.03]

Plotting NVIDIA GeForce RTX 4090 : [L2 Writes]
RTX4090-SASS (10 apps, 193 kernels (181 < 1% Err, 0 under, 12 over)) [Correl=0.9977 Err=1.11%] :: 0 high error points dropped from Err calc. 0 dropped for HW too low (>0)
Per-App :: RTX4090-SASS (10 apps (6 < 1% Err, 0 under, 4 over, 9 < 10% Err)) [Correl=0.9989 Err=3.19% Agg_Err=2.45% RPD=3.01%,NMSE=0.05]

Plotting NVIDIA GeForce RTX 4090 : [L2 Write Hits]
RTX4090-SASS (10 apps, 193 kernels (159 < 1% Err, 25 under, 9 over)) [Correl=0.7688 Err=9.25%] :: 0 high error points dropped from Err calc. 0 dropped for HW too low (>0)
Per-App :: RTX4090-SASS (10 apps (4 < 1% Err, 7 under, 1 over, 6 < 10% Err)) [Correl=0.8794 Err=26.82% Agg_Err=27.57% RPD=41.82%,NMSE=0.54]

Plotting NVIDIA GeForce RTX 4090 : [L2 Write Hit Rate]
RTX4090-SASS (10 apps, 192 kernels (165 < 1% Err, 27 under, 0 over)) [Correl=nan Err=8.40%] :: 0 high error points dropped from Err calc. 0 dropped for HW too low (>0)
Per-App :: RTX4090-SASS (10 apps (3 < 1% Err, 8 under, 0 over, 4 < 10% Err)) [Correl=nan Err=25.47% Agg_Err=25.47% RPD=36.43%,NMSE=0.38]

Plotting NVIDIA GeForce RTX 4090 : [Occupancy]
RTX4090-SASS (10 apps, 193 kernels (39 < 1% Err, 123 under, 31 over)) [Correl=0.9915 Err=3.60%] :: 0 high error points dropped from Err calc. 0 dropped for HW too low (>0)
Per-App :: RTX4090-SASS (10 apps (4 < 1% Err, 7 under, 3 over, 9 < 10% Err)) [Correl=0.9945 Err=3.33% Agg_Err=3.77% RPD=3.37%,NMSE=0.06]

Plotting NVIDIA GeForce RTX 4090 : [L1D Read Hits]
RTX4090-SASS (10 apps, 193 kernels (188 < 1% Err, 0 under, 5 over)) [Correl=0.9998 Err=0.21%] :: 0 high error points dropped from Err calc. 0 dropped for HW too low (>0)
Per-App :: RTX4090-SASS (10 apps (9 < 1% Err, 0 under, 2 over, 10 < 10% Err)) [Correl=0.9989 Err=1.05% Agg_Err=5.23% RPD=1.00%,NMSE=0.16]

Plotting NVIDIA GeForce RTX 4090 : [L1D Write Hits]
RTX4090-SASS (10 apps, 193 kernels (26 < 1% Err, 164 under, 3 over)) [Correl=0.9631 Err=13.87%] :: 0 high error points dropped from Err calc. 0 dropped for HW too low (>0)
Per-App :: RTX4090-SASS (10 apps (3 < 1% Err, 6 under, 1 over, 4 < 10% Err)) [Correl=0.9871 Err=31.66% Agg_Err=16.70% RPD=48.82%,NMSE=0.24]

Plotting NVIDIA GeForce RTX 4090 : [L1D Read Access]
RTX4090-SASS (10 apps, 193 kernels (189 < 1% Err, 0 under, 4 over)) [Correl=0.9997 Err=0.19%] :: 0 high error points dropped from Err calc. 0 dropped for HW too low (>0)
Per-App :: RTX4090-SASS (10 apps (9 < 1% Err, 0 under, 1 over, 10 < 10% Err)) [Correl=0.9988 Err=0.94% Agg_Err=3.17% RPD=0.90%,NMSE=0.10]

Plotting NVIDIA GeForce RTX 4090 : [L1D Write Access]
RTX4090-SASS (10 apps, 193 kernels (193 < 1% Err, 0 under, 0 over)) [Correl=1.0 Err=0.00%] :: 0 high error points dropped from Err calc. 0 dropped for HW too low (>0)
Per-App :: RTX4090-SASS (10 apps (10 < 1% Err, 0 under, 0 over, 10 < 10% Err)) [Correl=1.0 Err=0.00% Agg_Err=0.00% RPD=0.00%,NMSE=0.00]

Plotting NVIDIA GeForce RTX 4090 : [DRAM Reads]
RTX4090-SASS (10 apps, 193 kernels (0 < 1% Err, 192 under, 1 over)) [Correl=0.5002 Err=90.67%] :: 0 high error points dropped from Err calc. 0 dropped for HW too low (>0)
Per-App :: RTX4090-SASS (10 apps (0 < 1% Err, 10 under, 0 over, 0 < 10% Err)) [Correl=-0.02176 Err=65.00% Agg_Err=89.62% RPD=108.35%,NMSE=2.29]

Plotting NVIDIA GeForce RTX 4090 : [DRAM Writes]
RTX4090-SASS (10 apps, 193 kernels (193 < 1% Err, 0 under, 0 over)) [Correl=nan Err=0.00%] :: 0 high error points dropped from Err calc. 0 dropped for HW too low (>0)
Per-App :: RTX4090-SASS (10 apps (10 < 1% Err, 0 under, 0 over, 10 < 10% Err)) [Correl=nan Err=0.00% Agg_Err=0.00% RPD=0.00%,NMSE=0.00]

Combined per-kernel output available at: file:///home/zhanglx/accel-sim-framework/util/plotting/correl-html/combined_per_kernel.html
Combined per-app output available at: file:///home/zhanglx/accel-sim-framework/util/plotting/correl-html/combined_per_app.html
